Resolving dependencies...
Downloading packages...
  _fe_analyzer_shared 93.0.0 (108.0.0 available)
  analyzer 10.0.1 (14.4.0 available)
  build 4.0.7 (4.0.11 available)
  build_runner 2.15.1 (2.16.1 available)
  cli_util 0.4.2 (0.6.0 available)
  clock 1.1.2 (1.1.3 available)
  code_assets 1.2.1 (2.1.0 available)
  dart_style 3.1.7 (3.1.13 available)
  drift 2.34.0 (2.35.0 available)
  drift_dev 2.34.0 (2.35.0 available)
  flutter_riverpod 3.3.2 (3.4.3 available)
  flutter_secure_storage 10.3.4 (11.2.0 available)
  flutter_secure_storage_darwin 0.3.2 (0.4.3 available)
  flutter_secure_storage_windows 4.1.0 (4.2.2 available)
  hooks 2.0.2 (2.2.0 available)
  intl 0.20.2 (0.20.3 available)
  matcher 0.12.19 (0.12.20 available)
  material_color_utilities 0.13.0 (0.13.1 available)
  meta 1.17.0 (1.19.0 available)
  native_toolchain_c 0.19.2 (0.19.5 available)
  objective_c 9.5.0 (9.6.0 available)
  package_config 2.2.0 (3.0.0 available)
  platform 3.1.6 (3.2.0 available)
  record_use 0.6.0 (1.1.1 available)
  riverpod 3.3.2 (3.4.3 available)
  share_plus 12.0.2 (13.3.0 available)
  share_plus_platform_interface 6.1.0 (7.2.0 available)
  source_gen 4.2.4 (4.3.0 available)
  sqlite3 3.5.2 (3.6.0 available)
  sqlparser 0.44.5 (0.45.0 available)
  stack_trace 1.12.1 (1.12.2 available)
  test 1.30.0 (1.32.0 available)
  test_api 0.7.10 (0.7.14 available)
  test_core 0.6.16 (0.6.20 available)
  vector_math 2.2.0 (2.4.2 available)
  win32 5.15.0 (6.4.0 available)
Got dependencies!
36 packages have newer versions incompatible with dependency constraints.
Try `flutter pub outdated` for more information.
Running Gradle task 'assembleDebug'...                             28.8s
✓ Built build/app/outputs/flutter-apk/app-debug.apk
Installing build/app/outputs/flutter-apk/app-debug.apk...          12.6s
Error: ADB exited with exit code 1
Performing Streamed Install

adb: failed to install /Users/ray/developer/github/kodo/apps/mobile/build/app/outputs/flutter-apk/app-debug.apk: Failure [INSTALL_FAILED_USER_RESTRICTED: Install canceled by user]
Application failed to start on attempt: 1
Installing build/app/outputs/flutter-apk/app-debug.apk...        2,730ms

Oops; flutter has exited unexpectedly: "ProcessException: Process exited abnormally with exit code 1:
Starting: Intent { act=android.intent.action.MAIN cat=[android.intent.category.LAUNCHER] flg=0x20000000 cmp=dev.example.kodo_app/.MainActivity (has extras) }

Error type 3
Error: Activity class {dev.example.kodo_app/dev.example.kodo_app.MainActivity} does not exist.
  Command: /Users/ray/Library/Android/sdk/platform-tools/adb -s e126c953 shell am start -a android.intent.action.MAIN -c android.intent.category.LAUNCHER -f 0x20000000 --ez enable-dart-profiling true --ez enable-checked-mode true --ez verify-entry-points true --ez start-paused true dev.example.kodo_app/dev.example.kodo_app.MainActivity".
A crash report has been written to /Users/ray/developer/github/kodo/apps/mobile/flutter_01.log
This crash may already be reported. Check GitHub for similar crashes.
https://github.com/flutter/flutter/issues?q=is%3Aissue+ProcessException%3A+Process+exited+abnormally+with+exit+code+1%3A%0AStarting%3A+Intent+%7B+act%3Dandroid.intent.action.MAIN+cat%3D%5Bandroid.intent.category.LAUNCHER%5D+flg%3D0x20000000+cmp%3Ddev.example.kodo_app%2F.MainActivity+%28has+extras%29+%7D%0A%0AError+type+3%0AError%3A+Activity+class+%7Bdev.example.kodo_app%2Fdev.example.kodo_app.MainActivity%7D+does+not+exist.%0A++Command%3A+%2FUsers%2Fray%2FLibrary%2FAndroid%2Fsdk%2Fplatform-tools%2Fadb+-s+e126c953+shell+am+start+-a+android.intent.action.MAIN+-c+android.intent.category.LAUNCHER+-f+0x20000000+--ez+enable-dart-profiling+true+--ez+enable-checked-mode+true+--ez+verify-entry-points+true+--ez+start-paused+true+dev.example.kodo_app%2Fdev.example.kodo_app.MainActivity

To report your crash to the Flutter team, first read the guide to filing a bug.
https://flutter.dev/to/report-bugs

Create a new GitHub issue by pasting this link into your browser and completing the issue template. Thank you!
https://github.com/flutter/flutter/issues/new?title=%5Btool_crash%5D+ProcessException%3A+Process+exited+abnormally+with+exit+code+1%3A%0AStarting%3A+Intent+%7B+act%3Dandroid.intent.action.MAIN+cat%3D%5Bandroid.intent.category.LAUNCHER%5D+flg%3D0x20000000+cmp%3Ddev.example.kodo_app%2F.MainActivity+%28has+extras%29+%7D%0A%0AError+type+3%0AError%3A+Activity+class+%7Bdev.example.kodo_app%2Fdev.example.kodo_app.MainActivity%7D+does+not+exist.+Command%3A+%2FUsers%2Fray%2FLibrary%2FAndroid%2Fsdk%2Fplatform-tools%2Fadb%2C+OS+error+code%3A+1&body=%23%23+Command%0A%60%60%60sh%0Aflutter+drive+--driver%3Dtest_driver%2Fintegration_test.dart+--target%3Dintegration_test%2Ffull_flow_test.dart+-d+e126c953+--dart-define%3DAPI_BASE_URL%3Dhttp%3A%2F%2F127.0.0.1%3A8083%0A%60%60%60%0A%0A%23%23+Steps+to+Reproduce%0A1.+...%0A2.+...%0A3.+...%0A%0A%23%23+Logs%0AProcessException%3A+Process+exited+abnormally+with+exit+code+1%3A%0AStarting%3A+Intent+%7B+act%3Dandroid.intent.action.MAIN+cat%3D%5Bandroid.intent.category.LAUNCHER%5D+flg%3D0x20000000+cmp%3Ddev.example.kodo_app%2F.MainActivity+%28has+extras%29+%7D%0A%0AError+type+3%0AError%3A+Activity+class+%7Bdev.example.kodo_app%2Fdev.example.kodo_app.MainActivity%7D+does+not+exist.+Command%3A+%2FUsers%2Fray%2FLibrary%2FAndroid%2Fsdk%2Fplatform-tools%2Fadb%2C+OS+error+code%3A+1%0A%60%60%60console%0A%230++++++RunResult.throwException+%28package%3Aflutter_tools%2Fsrc%2Fbase%2Fprocess.dart%3A153%3A5%29%0A%231++++++_DefaultProcessUtils.run+%28package%3Aflutter_tools%2Fsrc%2Fbase%2Fprocess.dart%3A379%3A19%29%0A%3Casynchronous+suspension%3E%0A%232++++++AndroidDevice.startApp+%28package%3Aflutter_tools%2Fsrc%2Fandroid%2Fandroid_device.dart%3A694%3A28%29%0A%3Casynchronous+suspension%3E%0A%233++++++FlutterDriverService.start+%28package%3Aflutter_tools%2Fsrc%2Fdrive%2Fdrive_service.dart%3A180%3A16%29%0A%3Casynchronous+suspension%3E%0A%234++++++DriveCommand.runCommand+%28package%3Aflutter_tools%2Fsrc%2Fcommands%2Fdrive.dart%3A345%3A9%29%0A%3Casynchronous+suspension%3E%0A%235++++++FlutterCommand.run.%3Canonymous+closure%3E+%28package%3Aflutter_tools%2Fsrc%2Frunner%2Fflutter_command.dart%3A1590%3A27%29%0A%3Casynchronous+suspension%3E%0A%236++++++AppContext.run.%3Canonymous+closure%3E+%28package%3Aflutter_tools%2Fsrc%2Fbase%2Fcontext.dart%3A154%3A19%29%0A%3Casynchronous+suspension%3E%0A%237++++++CommandRunner.runCommand+%28package%3Aargs%2Fcommand_runner.dart%3A212%3A13%29%0A%3Casynchronous+suspension%3E%0A%238++++++FlutterCommandRunner.runCommand.%3Canonymous+closure%3E+%28package%3Aflutter_tools%2Fsrc%2Frunner%2Fflutter_command_runner.dart%3A496%3A9%29%0A%3Casynchronous+suspension%3E%0A%239++++++AppContext.run.%3Canonymous+closure%3E+%28package%3Aflutter_tools%2Fsrc%2Fbase%2Fcontext.dart%3A154%3A19%29%0A%3Casynchronous+suspension%3E%0A%2310+++++FlutterCommandRunner.runCommand+%28package%3Aflutter_tools%2Fsrc%2Frunner%2Fflutter_command_runner.dart%3A431%3A5%29%0A%3Casynchronous+suspension%3E%0A%2311+++++FlutterCommandRunner.run.%3Canonymous+closure%3E+%28package%3Aflutter_tools%2Fsrc%2Frunner%2Fflutter_command_runner.dart%3A307%3A33%29%0A%3Casynchronous+suspension%3E%0A%2312+++++run.%3Canonymous+closure%3E.%3Canonymous+closure%3E+%28package%3Aflutter_tools%2Frunner.dart%3A104%3A11%29%0A%3Casynchronous+suspension%3E%0A%60%60%60%0A%60%60%60console%0A%5B%E2%9C%93%5D+Flutter+%28Channel+stable%2C+3.41.4%2C+on+macOS+27.0+26A428+darwin-arm64%2C+locale+en-CN%29+%5B239ms%5D%0A++++%E2%80%A2+Flutter+version+3.41.4+on+channel+stable+at+%2FUsers%2Fray%2Fflutter%0A++++%E2%80%A2+Upstream+repository+https%3A%2F%2Fgithub.com%2Fflutter%2Fflutter.git%0A++++%E2%80%A2+Framework+revision+ff37bef603+%287+months+ago%29%2C+2026-03-03+16%3A03%3A22+-0800%0A++++%E2%80%A2+Engine+revision+e4b8dca3f1%0A++++%E2%80%A2+Dart+version+3.11.1%0A++++%E2%80%A2+DevTools+version+2.54.1%0A++++%E2%80%A2+Feature+flags%3A+enable-web%2C+enable-linux-desktop%2C+enable-macos-desktop%2C+enable-windows-desktop%2C+enable-android%2C+enable-ios%2C+cli-animations%2C+enable-native-assets%2C+omit-legacy-version-file%2C+enable-lldb-debugging%2C+enable-uiscene-migration%0A%0A%5B%E2%9C%93%5D+Android+toolchain+-+develop+for+Android+devices+%28Android+SDK+version+36.1.0%29+%5B11.0s%5D%0A++++%E2%80%A2+Android+SDK+at+%2FUsers%2Fray%2FLibrary%2FAndroid%2Fsdk%0A++++%E2%80%A2+Emulator+version+36.6.11.0+%28build_id+15507667%29+%28CL%3AN%2FA%29%0A++++%E2%80%A2+Platform+android-36%2C+build-tools+36.1.0%0A++++%E2%80%A2+Java+binary+at%3A+%2FUsers%2Fray%2F.local%2Fshare%2Fmise%2Finstalls%2Fjava%2F17.0.19%2Fbin%2Fjava%0A++++++This+JDK+is+specified+in+your+Flutter+configuration.%0A++++++To+change+the+current+JDK%2C+run%3A+%60flutter+config+--jdk-dir%3D%22path%2Fto%2Fjdk%22%60.%0A++++%E2%80%A2+Java+version+OpenJDK+Runtime+Environment+Microsoft-13877125+%28build+17.0.19%2B10-LTS%29%0A++++%E2%80%A2+All+Android+licenses+accepted.%0A%0A%5B%E2%9C%93%5D+Xcode+-+develop+for+iOS+and+macOS+%28Xcode+26.6%29+%5B2.0s%5D%0A++++%E2%80%A2+Xcode+at+%2FApplications%2FXcode.app%2FContents%2FDeveloper%0A++++%E2%80%A2+Build+17F113%0A++++%E2%80%A2+CocoaPods+version+1.16.2%0A%0A%5B%E2%9C%93%5D+Chrome+-+develop+for+the+web+%5B3ms%5D%0A++++%E2%80%A2+Chrome+at+%2FApplications%2FGoogle+Chrome.app%2FContents%2FMacOS%2FGoogle+Chrome%0A%0A%5B%E2%9C%93%5D+Connected+device+%283+available%29+%5B6.4s%5D%0A++++%E2%80%A2+23127PN0CC+%28mobile%29+%E2%80%A2+e126c953+%E2%80%A2+android-arm64++%E2%80%A2+Android+16+%28API+36%29%0A++++%E2%80%A2+macOS+%28desktop%29+++++%E2%80%A2+macos++++%E2%80%A2+darwin-arm64+++%E2%80%A2+macOS+27.0+26A428+darwin-arm64%0A++++%E2%80%A2+Chrome+%28web%29++++++++%E2%80%A2+chrome+++%E2%80%A2+web-javascript+%E2%80%A2+Google+Chrome+153.0.8010.48%0A%0A%5B%E2%9C%93%5D+Network+resources+%5B1%2C677ms%5D%0A++++%E2%80%A2+All+expected+network+resources+are+available.%0A%0A%E2%80%A2+No+issues+found%21%0A%0A%60%60%60%0A%0A%23%23+Flutter+Application+Metadata%0A%2A%2AType%2A%2A%3A+app%0A%2A%2AVersion%2A%2A%3A+0.1.0%2B1%0A%2A%2AMaterial%2A%2A%3A+true%0A%2A%2AAndroid+X%2A%2A%3A+false%0A%2A%2AModule%2A%2A%3A+false%0A%2A%2APlugin%2A%2A%3A+false%0A%2A%2AAndroid+package%2A%2A%3A+null%0A%2A%2AiOS+bundle+identifier%2A%2A%3A+null%0A%2A%2ACreation+channel%2A%2A%3A+stable%0A%2A%2ACreation+framework+version%2A%2A%3A+ff37bef603469fb030f2b72995ab929ccfc227f0%0A%23%23%23+Plugins%0Aflutter_secure_storage_darwin-0.3.2%0Aintegration_test%0Apath_provider_foundation-2.6.0%0Ashare_plus-12.0.2%0Aflutter_secure_storage-10.3.4%0Ajni-1.0.3%0Ajni_flutter-1.0.3%0Apath_provider_android-2.3.1%0Aflutter_secure_storage_linux-3.0.3%0Apath_provider_linux-2.2.2%0Aurl_launcher_linux-3.2.3%0Aflutter_secure_storage_windows-4.1.0%0Apath_provider_windows-2.3.0%0Aurl_launcher_windows-3.1.6%0Aflutter_secure_storage_web-2.1.1%0Aurl_launcher_web-2.4.3%0A%0A&labels=tool%2Csevere%3A+crash

