    Finished `dev` profile [unoptimized + debuginfo] target(s) in 0.32s
     Running `services/api/target/debug/kodo-api`
2026-09-21T07:21:20.150878Z  INFO kodo_api: request request_id=643f4346-3a41-4740-825e-2f5213db1875 method=GET path=/health/ready status=200 elapsed_ms=0
2026-09-21T07:26:15.784645Z  INFO kodo_api: request request_id=bd51eb74-4844-46d4-b617-73fa71e0c5f8 method=POST path=/v1/installations status=201 elapsed_ms=4
2026-09-21T07:26:15.836682Z  INFO kodo_api: request request_id=03a2f034-2ee7-41b8-b260-3c0cd4af2ea1 method=POST path=/v1/operations status=200 elapsed_ms=1
2026-09-21T07:26:15.865084Z  INFO kodo_api: request request_id=708282b2-15d9-4435-9649-c776d5284306 method=POST path=/v1/operations status=200 elapsed_ms=0
2026-09-21T07:26:15.891116Z  INFO kodo_api: request request_id=a120b7a1-4783-403b-9dd6-89eaaaf33d13 method=POST path=/v1/operations status=200 elapsed_ms=0
2026-09-21T07:26:15.905891Z  INFO kodo_api: request request_id=3da24b46-c913-45c7-9fb1-6b6093738e38 method=POST path=/v1/operations status=200 elapsed_ms=0
2026-09-21T07:26:15.968130Z  INFO kodo_api: request request_id=cca4bc1f-2664-418a-baca-93ffabc2edd8 method=POST path=/v1/operations status=200 elapsed_ms=3
2026-09-21T07:26:16.482040Z  INFO kodo_api: request request_id=c779411d-06d1-451a-abc1-baa00d0d40e3 method=POST path=/v1/operations status=200 elapsed_ms=0
2026-09-21T07:26:16.492162Z  INFO kodo_api: request request_id=194882c5-f16a-4378-b9f7-3020683bccbc method=GET path=/v1/snapshot status=200 elapsed_ms=0
2026-09-21T07:26:19.536478Z  INFO kodo_api: request request_id=3762eadd-661c-472e-a4a1-c77912e93978 method=POST path=/v1/operations status=200 elapsed_ms=1
2026-09-21T07:26:20.043294Z  INFO kodo_api: request request_id=83570d80-f1cc-4888-b8f7-6a0c70064cb2 method=POST path=/v1/operations status=200 elapsed_ms=1
2026-09-21T07:26:22.625212Z  INFO kodo_api: request request_id=14330971-4fe1-4992-a877-a37cc5be011f method=DELETE path=/v1/installations/current status=204 elapsed_ms=1
2026-09-21T07:31:24.015055Z  INFO kodo_api: request request_id=ee18c5b4-51dc-4fae-a834-7bd710fcf5ec method=POST path=/v1/installations status=201 elapsed_ms=1
2026-09-21T07:31:24.023355Z  INFO kodo_api: request request_id=518adb5a-67fc-4e05-9bfe-85eabe284300 method=POST path=/v1/installations status=200 elapsed_ms=0
2026-09-21T07:31:24.025467Z  INFO kodo_api: request request_id=6eeec3f9-3abd-4113-8b07-bfaeba074090 method=POST path=/v1/operations status=200 elapsed_ms=0
2026-09-21T07:31:24.035712Z  INFO kodo_api: request request_id=c7823127-4aa2-4853-8011-8997a7121de5 method=POST path=/v1/installations status=200 elapsed_ms=0
2026-09-21T07:31:24.037198Z  INFO kodo_api: request request_id=f72abbd9-6b6d-4158-8adc-380d58de2a16 method=POST path=/v1/operations status=200 elapsed_ms=0
2026-09-21T07:31:24.040507Z  INFO kodo_api: request request_id=9ec341ea-5cbe-4792-b087-e24997e6996c method=POST path=/v1/operations status=200 elapsed_ms=0
2026-09-21T07:31:24.042872Z  INFO kodo_api: request request_id=f7fdd25e-5c98-4e59-b119-b9941bd7dad2 method=POST path=/v1/operations status=200 elapsed_ms=0
2026-09-21T07:31:24.045518Z  INFO kodo_api: request request_id=63581580-09fa-4287-965e-2310bf4cace7 method=POST path=/v1/operations status=200 elapsed_ms=0
2026-09-21T07:31:24.048398Z  INFO kodo_api: request request_id=bf14ad42-4805-469d-afe8-de662a14b573 method=POST path=/v1/operations status=200 elapsed_ms=0
2026-09-21T07:31:24.052052Z  INFO kodo_api: request request_id=3c07996d-b907-45ec-9c3d-c53ea8cab684 method=GET path=/v1/snapshot status=200 elapsed_ms=0
2026-09-21T07:31:24.056713Z  INFO kodo_api: request request_id=dd700851-5396-4375-83c9-be74a8d1a890 method=POST path=/v1/operations status=200 elapsed_ms=0
2026-09-21T07:31:24.063962Z  INFO kodo_api: request request_id=21a13ee5-b2bb-41fa-90ef-5c43b688f3e3 method=POST path=/v1/installations status=200 elapsed_ms=0
2026-09-21T07:31:24.065412Z  INFO kodo_api: request request_id=55f5882f-3d09-468d-904f-42d5d0fc3af3 method=POST path=/v1/operations status=200 elapsed_ms=0
2026-09-21T07:31:24.070005Z  INFO kodo_api: request request_id=cefbe8b0-9a64-4c9d-80ff-9280c84ce47c method=POST path=/v1/operations status=200 elapsed_ms=0
2026-09-21T07:31:24.072286Z  INFO kodo_api: request request_id=272ebfce-3876-4227-9315-9c152bf01064 method=GET path=/v1/snapshot status=200 elapsed_ms=0
2026-09-21T07:31:24.076256Z  INFO kodo_api: request request_id=65400981-4178-4795-87e6-6dd687484ddc method=DELETE path=/v1/installations/current status=204 elapsed_ms=0
2026-09-21T07:31:24.082734Z  INFO kodo_api: request request_id=85f4bfad-b202-47d3-8261-0b16f97d17c6 method=DELETE path=/v1/installations/current status=204 elapsed_ms=0
2026-09-21T07:31:53.136626Z  INFO kodo_api: request request_id=e479242f-69cb-4d1b-9798-869054a53925 method=POST path=/v1/installations status=201 elapsed_ms=5
2026-09-21T07:31:53.175508Z  INFO kodo_api: request request_id=60a73d3b-dc5e-4cea-8e8a-a241ab095a01 method=POST path=/v1/operations status=200 elapsed_ms=1
2026-09-21T07:31:53.198436Z  INFO kodo_api: request request_id=dba45da2-685e-4c7a-831b-4e6e49320f7b method=POST path=/v1/operations status=200 elapsed_ms=2
2026-09-21T07:31:53.253974Z  INFO kodo_api: request request_id=ea874044-f27f-4918-a287-80715dd21e9e method=DELETE path=/v1/installations/current status=204 elapsed_ms=2
2026-09-21T07:31:57.050067Z  INFO kodo_api: request request_id=b3b19e8e-225a-4240-b488-c5496b7c6101 method=DELETE path=/v1/installations/current status=204 elapsed_ms=0
2026-09-21T07:31:58.565126Z  INFO kodo_api: request request_id=3965a851-26b7-4db2-877d-5039f4b237ab method=POST path=/v1/installations status=410 elapsed_ms=0
2026-09-21T07:35:27.839331Z  INFO kodo_api: request request_id=a7ec267c-1232-461d-bddd-43422a95c185 method=POST path=/v1/installations status=201 elapsed_ms=4
2026-09-21T07:35:27.884640Z  INFO kodo_api: request request_id=026b1887-68ec-4e9d-b63d-2c93b3554216 method=POST path=/v1/operations status=200 elapsed_ms=3
2026-09-21T07:35:27.916083Z  INFO kodo_api: request request_id=aff042b3-de8e-426a-b32e-45c0c18306a3 method=POST path=/v1/operations status=200 elapsed_ms=2
2026-09-21T07:35:27.938527Z  INFO kodo_api: request request_id=32125c5d-8151-4788-ad5d-e2e5fd8a40ba method=POST path=/v1/operations status=200 elapsed_ms=0
2026-09-21T07:35:27.944931Z  INFO kodo_api: request request_id=6b75205b-316c-465c-92a7-8c87fd0f3937 method=GET path=/v1/snapshot status=200 elapsed_ms=0
2026-09-21T07:35:29.574429Z  INFO kodo_api: request request_id=f4343f30-c186-4585-916d-452c4ee075d8 method=POST path=/v1/installations status=200 elapsed_ms=3
2026-09-21T07:35:30.993900Z  INFO kodo_api: request request_id=c2108ef3-c7d1-4991-adc5-496bc0882f4d method=GET path=/v1/snapshot status=200 elapsed_ms=0
2026-09-21T07:41:42.207230Z  INFO kodo_api: request request_id=6ee3aee0-65e4-4434-a80e-eec33ef45152 method=GET path=/health/ready status=200 elapsed_ms=0
2026-09-21T07:54:27.576767Z  INFO kodo_api: request request_id=1a6df3f3-7e96-4baf-9809-ac40d2317817 method=POST path=/v1/installations status=201 elapsed_ms=2
2026-09-21T07:54:27.586220Z  INFO kodo_api: request request_id=c4c76db2-3eb5-487e-aa91-7d744ddc278d method=POST path=/v1/installations status=200 elapsed_ms=0
2026-09-21T07:54:27.589859Z  INFO kodo_api: request request_id=02fc988e-da72-4f18-a4d4-3231088e2478 method=POST path=/v1/operations status=200 elapsed_ms=1
2026-09-21T07:54:27.601930Z  INFO kodo_api: request request_id=7cb52792-bc31-4749-a2ac-f2748df54f31 method=POST path=/v1/installations status=200 elapsed_ms=0
2026-09-21T07:54:27.603643Z  INFO kodo_api: request request_id=6e9f6698-3361-4525-b955-7d51e25f884b method=POST path=/v1/operations status=200 elapsed_ms=0
2026-09-21T07:54:27.606973Z  INFO kodo_api: request request_id=4ef136e9-8eb9-419e-89a6-d6a0e5941f81 method=POST path=/v1/operations status=200 elapsed_ms=0
2026-09-21T07:54:27.609927Z  INFO kodo_api: request request_id=3b50831a-ea71-4420-8796-e2075b46d522 method=POST path=/v1/operations status=200 elapsed_ms=0
2026-09-21T07:54:27.612874Z  INFO kodo_api: request request_id=e0924c07-71df-4718-a3fe-c020c8d48b30 method=POST path=/v1/operations status=200 elapsed_ms=0
2026-09-21T07:54:27.615801Z  INFO kodo_api: request request_id=eb5a3403-3a1f-4c5a-9fc2-ef4dd758f009 method=POST path=/v1/operations status=200 elapsed_ms=0
2026-09-21T07:54:27.619623Z  INFO kodo_api: request request_id=e24e610c-bcac-43a4-951f-73b425c98ca8 method=GET path=/v1/snapshot status=200 elapsed_ms=0
2026-09-21T07:54:27.625045Z  INFO kodo_api: request request_id=f003113f-40e1-4269-906e-d2caf10b2a99 method=POST path=/v1/operations status=200 elapsed_ms=0
2026-09-21T07:54:27.632896Z  INFO kodo_api: request request_id=a1ebb1d4-7f7d-498d-8ea2-5645d84e727c method=POST path=/v1/installations status=200 elapsed_ms=0
2026-09-21T07:54:27.634426Z  INFO kodo_api: request request_id=65a86767-42b1-43d5-84dc-8a89bbb9efaa method=POST path=/v1/operations status=200 elapsed_ms=0
2026-09-21T07:54:27.639237Z  INFO kodo_api: request request_id=1bcf26ca-4c8c-4d81-a399-9484e6bb9157 method=POST path=/v1/operations status=200 elapsed_ms=0
2026-09-21T07:54:27.641689Z  INFO kodo_api: request request_id=01b7c9e3-9d39-40a0-9a0b-f40b1cdc2342 method=GET path=/v1/snapshot status=200 elapsed_ms=0
2026-09-21T07:54:27.646052Z  INFO kodo_api: request request_id=9a19e528-c4ac-4459-b64e-aba5e14ace7e method=DELETE path=/v1/installations/current status=204 elapsed_ms=0
2026-09-21T07:54:27.652357Z  INFO kodo_api: request request_id=2aa39f64-1a06-47c1-acd3-0b04fcced2fc method=DELETE path=/v1/installations/current status=204 elapsed_ms=0
2026-09-21T07:55:59.751163Z  INFO kodo_api: request request_id=19cd018d-c00d-4689-a65a-7f7d19f9e5d3 method=GET path=/health/ready status=200 elapsed_ms=0
2026-09-21T07:55:59.751638Z  INFO kodo_api: request request_id=ee83c9cd-4b76-4923-9ee6-1baa63217fdd method=GET path=/v1/snapshot status=401 elapsed_ms=0
2026-09-21T07:55:59.752263Z  INFO kodo_api: request request_id=60d3509b-3b95-46ef-8cd2-b38b8977eee8 method=POST path=/v1/installations status=201 elapsed_ms=0
2026-09-21T07:55:59.752734Z  INFO kodo_api: request request_id=d216aaf9-5f39-460a-89ac-5133a80cd752 method=POST path=/v1/installations status=201 elapsed_ms=0
2026-09-21T07:55:59.753029Z  INFO kodo_api: request request_id=6bcdecc3-63e1-4341-b3b6-0992a62cbb4e method=POST path=/v1/installations status=200 elapsed_ms=0
2026-09-21T07:55:59.753349Z  INFO kodo_api: request request_id=7789a4b8-507f-414d-8215-f7a111a149ea method=POST path=/v1/installations status=401 elapsed_ms=0
2026-09-21T07:55:59.753946Z  INFO kodo_api: request request_id=83928f95-3c43-4dbd-8138-d6cfa2849051 method=POST path=/v1/operations status=200 elapsed_ms=0
2026-09-21T07:55:59.754819Z  INFO kodo_api: request request_id=e21de1cd-e365-479f-9aeb-9fff446b9845 method=POST path=/v1/operations status=200 elapsed_ms=0
2026-09-21T07:55:59.755392Z  INFO kodo_api: request request_id=9e053468-1b0d-4801-b220-b9ce2c78491f method=POST path=/v1/operations status=200 elapsed_ms=0
2026-09-21T07:55:59.755781Z  INFO kodo_api: request request_id=d6d02086-f5e6-4791-8f76-6ab5a6abf2ce method=POST path=/v1/operations status=200 elapsed_ms=0
2026-09-21T07:55:59.756188Z  INFO kodo_api: request request_id=aa3d9748-4745-4f43-ad61-c26c461fc404 method=POST path=/v1/operations status=409 elapsed_ms=0
2026-09-21T07:55:59.756568Z  INFO kodo_api: request request_id=b188f3e2-00f9-460f-899c-7bb7e5b0624e method=POST path=/v1/operations status=409 elapsed_ms=0
2026-09-21T07:55:59.757157Z  INFO kodo_api: request request_id=d93fa72a-0c5d-410f-8e01-ccf1e82469f3 method=POST path=/v1/operations status=200 elapsed_ms=0
2026-09-21T07:55:59.757663Z  INFO kodo_api: request request_id=346beef8-464f-4ea2-83bf-4f5bfcf6c13b method=POST path=/v1/operations status=200 elapsed_ms=0
2026-09-21T07:55:59.758251Z  INFO kodo_api: request request_id=e3b16ade-dc09-47bf-95af-6a7a418a0bfd method=POST path=/v1/operations status=200 elapsed_ms=0
2026-09-21T07:55:59.758621Z  INFO kodo_api: request request_id=6e6a191d-caf8-45cb-86d6-0b5d45e3c8a4 method=POST path=/v1/operations status=200 elapsed_ms=0
2026-09-21T07:55:59.759068Z  INFO kodo_api: request request_id=b2d0b4ea-6305-47e0-9b80-ec68ba3f9434 method=POST path=/v1/operations status=422 elapsed_ms=0
2026-09-21T07:55:59.759479Z  INFO kodo_api: request request_id=739859c1-22f5-488d-8235-874170914d8e method=POST path=/v1/operations status=422 elapsed_ms=0
2026-09-21T07:55:59.759887Z  INFO kodo_api: request request_id=9ccfdbad-c890-4760-86c5-30771709ed2c method=GET path=/v1/snapshot status=200 elapsed_ms=0
2026-09-21T07:55:59.760494Z  INFO kodo_api: request request_id=9c60b1a8-75e7-4ced-8cd4-b04198979812 method=POST path=/v1/operations status=200 elapsed_ms=0
2026-09-21T07:55:59.760969Z  INFO kodo_api: request request_id=94a9ff69-18fe-43f5-bd0a-17ea2850b8fe method=POST path=/v1/operations status=422 elapsed_ms=0
2026-09-21T07:55:59.761389Z  INFO kodo_api: request request_id=af4d1204-b968-4798-b10c-c414af1fae46 method=POST path=/v1/operations status=422 elapsed_ms=0
2026-09-21T07:55:59.761837Z  INFO kodo_api: request request_id=03f249ac-d569-42f7-ba4e-2ccbf1899c34 method=GET path=/v1/snapshot status=200 elapsed_ms=0
2026-09-21T07:55:59.762480Z  INFO kodo_api: request request_id=81a2eb48-ab3a-482a-b3c0-1df27edecd74 method=DELETE path=/v1/installations/current status=204 elapsed_ms=0
2026-09-21T07:55:59.762975Z  INFO kodo_api: request request_id=121eb8fd-070a-4c45-a493-83b134d5c5c2 method=DELETE path=/v1/installations/current status=204 elapsed_ms=0
2026-09-21T07:55:59.763416Z  INFO kodo_api: request request_id=9e2a7fbf-9f72-42ed-a067-07bbd504b04d method=POST path=/v1/operations status=410 elapsed_ms=0
2026-09-21T07:55:59.763781Z  INFO kodo_api: request request_id=cd10de24-fadb-41c3-9026-74745d05919f method=GET path=/v1/snapshot status=410 elapsed_ms=0
2026-09-21T07:55:59.764167Z  INFO kodo_api: request request_id=0f549adc-e506-464d-9e8f-c2d30d95fe95 method=POST path=/v1/installations status=410 elapsed_ms=0
2026-09-21T07:55:59.764644Z  INFO kodo_api: request request_id=748e726d-c1ca-48d9-a262-20ce097aa385 method=DELETE path=/v1/installations/current status=204 elapsed_ms=0
2026-09-21T07:55:59.765139Z  INFO kodo_api: request request_id=8a843e7d-6df9-428b-8b3c-3c8e6e12e181 method=DELETE path=/v1/installations/current status=204 elapsed_ms=0
2026-09-21T07:58:40.924766Z  INFO kodo_api: request request_id=080f7027-ead5-4f69-81b2-b601b96ad40d method=POST path=/v1/installations status=201 elapsed_ms=0
2026-09-21T07:58:40.933739Z  INFO kodo_api: request request_id=f36bcac0-68bf-45a1-98be-998893629525 method=POST path=/v1/installations status=200 elapsed_ms=0
2026-09-21T07:58:40.936063Z  INFO kodo_api: request request_id=d805dd6a-662a-44b2-8717-2aa2b70e0bc3 method=POST path=/v1/operations status=200 elapsed_ms=0
2026-09-21T07:58:40.947279Z  INFO kodo_api: request request_id=158bf5d0-bc43-4e40-9a02-3bd2575ffbb3 method=POST path=/v1/installations status=200 elapsed_ms=0
2026-09-21T07:58:40.949021Z  INFO kodo_api: request request_id=ee6a760d-c1e9-46e6-bbe3-fcb5e12b250d method=POST path=/v1/operations status=200 elapsed_ms=0
2026-09-21T07:58:40.952064Z  INFO kodo_api: request request_id=47812fd8-d607-4829-8d58-48f152664957 method=POST path=/v1/operations status=200 elapsed_ms=0
2026-09-21T07:58:40.955093Z  INFO kodo_api: request request_id=da189942-0755-41a0-bebb-2c12600dd44f method=POST path=/v1/operations status=200 elapsed_ms=0
2026-09-21T07:58:40.958072Z  INFO kodo_api: request request_id=cd553b23-6bae-4c35-a06c-0ff186ac4cde method=POST path=/v1/operations status=200 elapsed_ms=0
2026-09-21T07:58:40.960569Z  INFO kodo_api: request request_id=34166c38-41f8-4f1e-8621-22f8944616e1 method=POST path=/v1/operations status=200 elapsed_ms=0
2026-09-21T07:58:40.964105Z  INFO kodo_api: request request_id=26703caf-c4c5-407b-890b-cb511e79b769 method=GET path=/v1/snapshot status=200 elapsed_ms=0
2026-09-21T07:58:40.969792Z  INFO kodo_api: request request_id=ccca1ed7-cee8-4565-bc7f-84886fb47b4b method=POST path=/v1/operations status=200 elapsed_ms=0
2026-09-21T07:58:40.977944Z  INFO kodo_api: request request_id=30b183cd-73d1-41bd-a103-7d531aedec1a method=POST path=/v1/installations status=200 elapsed_ms=0
2026-09-21T07:58:40.979565Z  INFO kodo_api: request request_id=7920a576-e237-4ced-9f3b-e8e2eded88c3 method=POST path=/v1/operations status=200 elapsed_ms=0
2026-09-21T07:58:40.984752Z  INFO kodo_api: request request_id=71f888cf-ffa6-45f0-9bf9-3b13573d6537 method=POST path=/v1/operations status=200 elapsed_ms=0
2026-09-21T07:58:40.987305Z  INFO kodo_api: request request_id=433ed5db-a84f-4b42-ba95-f954ec4c8bab method=GET path=/v1/snapshot status=200 elapsed_ms=0
2026-09-21T07:58:40.991542Z  INFO kodo_api: request request_id=2754fa5e-5420-4daf-a535-2531312aa24b method=DELETE path=/v1/installations/current status=204 elapsed_ms=0
2026-09-21T07:58:40.998041Z  INFO kodo_api: request request_id=dcd0bdca-a7a1-4650-85a1-aebb4485bc71 method=DELETE path=/v1/installations/current status=204 elapsed_ms=0
