Resolving dependencies...
Downloading packages...
  _fe_analyzer_shared 93.0.0 (108.0.0 available)
  analyzer 10.0.1 (14.4.0 available)
  build 4.0.7 (4.0.11 available)
  build_runner 2.15.1 (2.16.1 available)
  cli_util 0.4.2 (0.6.0 available)
  clock 1.1.2 (1.1.3 available)
  code_assets 1.2.1 (2.1.0 available)
  dart_style 3.1.7 (3.1.13 available)
  drift 2.34.0 (2.35.0 available)
  drift_dev 2.34.0 (2.35.0 available)
  flutter_riverpod 3.3.2 (3.4.3 available)
  flutter_secure_storage 10.3.4 (11.2.0 available)
  flutter_secure_storage_darwin 0.3.2 (0.4.3 available)
  flutter_secure_storage_windows 4.1.0 (4.2.2 available)
  hooks 2.0.2 (2.2.0 available)
  intl 0.20.2 (0.20.3 available)
  matcher 0.12.19 (0.12.20 available)
  material_color_utilities 0.13.0 (0.13.1 available)
  meta 1.17.0 (1.19.0 available)
  native_toolchain_c 0.19.2 (0.19.5 available)
  objective_c 9.5.0 (9.6.0 available)
  package_config 2.2.0 (3.0.0 available)
  platform 3.1.6 (3.2.0 available)
  record_use 0.6.0 (1.1.1 available)
  riverpod 3.3.2 (3.4.3 available)
  share_plus 12.0.2 (13.3.0 available)
  share_plus_platform_interface 6.1.0 (7.2.0 available)
  source_gen 4.2.4 (4.3.0 available)
  sqlite3 3.5.2 (3.6.0 available)
  sqlparser 0.44.5 (0.45.0 available)
  stack_trace 1.12.1 (1.12.2 available)
  test 1.30.0 (1.32.0 available)
  test_api 0.7.10 (0.7.14 available)
  test_core 0.6.16 (0.6.20 available)
  vector_math 2.2.0 (2.4.2 available)
  win32 5.15.0 (6.4.0 available)
Got dependencies!
36 packages have newer versions incompatible with dependency constraints.
Try `flutter pub outdated` for more information.
Installing build/app/outputs/flutter-apk/app-debug.apk...           6.3s
VMServiceFlutterDriver: Connecting to Flutter application at http://127.0.0.1:55755/GJuC1p3HQAs=/
VMServiceFlutterDriver: Isolate found with number: 6355004235349175
VMServiceFlutterDriver: Isolate 6355004235349175 is runnable.
VMServiceFlutterDriver: Isolate is paused at start.
VMServiceFlutterDriver: Attempting to resume isolate
I/flutter (19607): 00:00 +0: Physical force-stop between remote deletion and local checkpoint
VMServiceFlutterDriver: Connected to Flutter application.
D/VRI[MainActivity](19607): vri.Setup new sync=wmsSync-VRI[MainActivity]#1
D/VRI[MainActivity](19607): vri.reportDrawFinished 0 0 Rect(0, 0 - 1200, 2670)
I/NativeTurboSchedManager(19607): Load libmiui_runtime
I/HandWritingStubImpl(19607): refreshLastKeyboardType: 1
I/HandWritingStubImpl(19607): getCurrentKeyboardType: 1
D/InsetsController(19607): hide(ime(), fromIme=false)
I/ImeTracker(19607): dev.example.kodo_app.qa:be2d8a11: onCancelled at PHASE_CLIENT_ALREADY_HIDDEN
I/HandWritingStubImpl(19607): getCurrentKeyboardType: 1
W/InsetsSource(19607): Has no intersection or mTmpFrame.height(), return Insets.NONE mTmpFrame.height() =0 hasIntersection =false
W/InsetsSource(19607): Has no intersection or mTmpFrame.height(), return Insets.NONE mTmpFrame.height() =0 hasIntersection =false
W/InsetsSource(19607): Has no intersection or mTmpFrame.height(), return Insets.NONE mTmpFrame.height() =0 hasIntersection =false
W/InsetsSource(19607): Has no intersection or mTmpFrame.height(), return Insets.NONE mTmpFrame.height() =0 hasIntersection =false
D/FlutterSecureStorage(19607): No data found in EncryptedSharedPreferences.
I/ple.kodo_app.qa(19607): AssetManager2(0xb4000070d2d0e8b8) locale list changing from [] to [en]
W/BpBinder(19607): PerfMonitor binderTransact: time=574ms interface=android.system.keystore2.IKeystoreSecurityLevel code=2
I/ple.kodo_app.qa(19607): AssetManager2(0xb4000070d2cce498) locale list changing from [] to [en-US]
I/ple.kodo_app.qa(19607): DynamicFPS DF top: dev.example.kodo_app.qa : 0.000000
I/ple.kodo_app.qa(19607): DF dev.example.kodo_app.qa Support DynamicFPS.
D/VRI[MainActivity](19607): getMiuiFreeformStackInfo mTmpFrames.miuiFreeFormStackInfo: null
W/InsetsSource(19607): Has no intersection or mTmpFrame.height(), return Insets.NONE mTmpFrame.height() =0 hasIntersection =false
W/InsetsSource(19607): Has no intersection or mTmpFrame.height(), return Insets.NONE mTmpFrame.height() =0 hasIntersection =false
W/InsetsSource(19607): Has no intersection or mTmpFrame.height(), return Insets.NONE mTmpFrame.height() =0 hasIntersection =false
W/InsetsSource(19607): Has no intersection or mTmpFrame.height(), return Insets.NONE mTmpFrame.height() =0 hasIntersection =false
W/InsetsSource(19607): Has no intersection or mTmpFrame.height(), return Insets.NONE mTmpFrame.height() =0 hasIntersection =false
W/InsetsSource(19607): Has no intersection or mTmpFrame.height(), return Insets.NONE mTmpFrame.height() =0 hasIntersection =false
D/FlutterJNI(19607): Sending viewport metrics to the engine.
D/BufferQueueProducer(19607): [dc987e7 SurfaceView[dev.example.kodo_app.qa/dev.example.kodo_app.MainActivity]#1(BLAST Consumer)1](id:4c9700000001,api:1,p:19607,c:19607) disconnect: api 1 (caller=19607)
E/qdgralloc(19607): GetGpuPixelFormat: No map for format: 0x3b
E/AdrenoUtils(19607): <validate_memory_layout_input_params:1805>: Unknown Format 0
E/AdrenoUtils(19607): <adreno_init_memory_layout:4055>: Memory Layout input parameter validation failed!
W/qdgralloc(19607): GetGpuResourceSizeAndDimensions Graphics metadata init failed
E/Gralloc4(19607): isSupported(1, 1, 59, 1, ...) failed with 7
E/GraphicBufferAllocator(19607): Failed to allocate (4 x 4) layerCount 1 format 59 usage 300: 2
E/AHardwareBuffer(19607): GraphicBuffer(w=4, h=4, lc=1) failed (Unknown error -2), handle=0x0
E/qdgralloc(19607): GetGpuPixelFormat: No map for format: 0x3b
E/AdrenoUtils(19607): <validate_memory_layout_input_params:1805>: Unknown Format 0
E/AdrenoUtils(19607): <adreno_init_memory_layout:4055>: Memory Layout input parameter validation failed!
W/qdgralloc(19607): GetGpuResourceSizeAndDimensions Graphics metadata init failed
E/Gralloc4(19607): isSupported(1, 1, 59, 1, ...) failed with 7
E/GraphicBufferAllocator(19607): Failed to allocate (4 x 4) layerCount 1 format 59 usage 300: 2
E/AHardwareBuffer(19607): GraphicBuffer(w=4, h=4, lc=1) failed (Unknown error -2), handle=0x0
W/qdgralloc(19607): getInterlacedFlag: getMetaData returned 3, defaulting to interlaced_flag = 0
W/qdgralloc(19607): getInterlacedFlag: getMetaData returned 3, defaulting to interlaced_flag = 0
W/qdgralloc(19607): getInterlacedFlag: getMetaData returned 3, defaulting to interlaced_flag = 0
W/qdgralloc(19607): getInterlacedFlag: getMetaData returned 3, defaulting to interlaced_flag = 0
W/qdgralloc(19607): getInterlacedFlag: getMetaData returned 3, defaulting to interlaced_flag = 0
W/qdgralloc(19607): getInterlacedFlag: getMetaData returned 3, defaulting to interlaced_flag = 0
W/qdgralloc(19607): getInterlacedFlag: getMetaData returned 3, defaulting to interlaced_flag = 0
D/ProfileInstaller(19607): Installing profile for dev.example.kodo_app.qa
D/BufferQueueProducer(19607): [ImageReader-1200x2670f1m3-19607-0](id:4c9700000002,api:1,p:19607,c:19607) disconnect: api 1 (caller=19607)
W/ple.kodo_app.qa(19607): Binder 0xb400007082ce1b80 destroyed after setInheritRt before being parceled.
W/qdgralloc(19607): GetSize: Pixel format: 0x3b is not supported by gralloc
W/qdgralloc(19607): gralloc failed to allocate buffer for size 0 format 59 AWxAH 1x1 usage 2816
E/Gralloc4(19607): isSupported(1, 1, 59, 1, ...) failed with 7
E/GraphicBufferAllocator(19607): Failed to allocate (4 x 4) layerCount 1 format 59 usage b00: 2
E/AHardwareBuffer(19607): GraphicBuffer(w=4, h=4, lc=1) failed (Unknown error -2), handle=0x0
W/qdgralloc(19607): GetSize: Pixel format: 0x3b is not supported by gralloc
W/qdgralloc(19607): gralloc failed to allocate buffer for size 0 format 59 AWxAH 1x1 usage 2816
E/Gralloc4(19607): isSupported(1, 1, 59, 1, ...) failed with 7
E/GraphicBufferAllocator(19607): Failed to allocate (4 x 4) layerCount 1 format 59 usage b00: 2
E/AHardwareBuffer(19607): GraphicBuffer(w=4, h=4, lc=1) failed (Unknown error -2), handle=0x0
W/qdgralloc(19607): getInterlacedFlag: getMetaData returned 3, defaulting to interlaced_flag = 0
W/qdgralloc(19607): getInterlacedFlag: getMetaData returned 3, defaulting to interlaced_flag = 0
W/qdgralloc(19607): getInterlacedFlag: getMetaData returned 3, defaulting to interlaced_flag = 0
W/qdgralloc(19607): getInterlacedFlag: getMetaData returned 3, defaulting to interlaced_flag = 0
W/qdgralloc(19607): getInterlacedFlag: getMetaData returned 3, defaulting to interlaced_flag = 0
W/ple.kodo_app.qa(19607): Binder 0xb400007082ce14c0 destroyed after setInheritRt before being parceled.
D/BufferQueueConsumer(19607): [ImageReader-1200x2670f1m3-19607-0](id:4c9700000002,api:0,p:-1,c:19607) disconnect: caller 19607
I/flutter (19607): 00:03 +1: (tearDownAll)
I/flutter (19607): 00:03 +2: All tests passed!
All tests passed.
D/FlutterJNI(19966): Beginning load of flutter...
D/FlutterJNI(19966): flutter (null) was loaded normally!
I/flutter (19966): [IMPORTANT:flutter/shell/platform/android/android_context_vk_impeller.cc(62)] Using the Impeller rendering backend (Vulkan).
I/flutter (19966): The Dart VM service is listening on http://127.0.0.1:46119/8CkUpwUgcLU=/
D/FlutterRenderer(19966): Width is zero. 0,0
I/flutter (19966): 00:00 +0: Physical force-stop between remote deletion and local checkpoint
D/FlutterRenderer(19966): Width is zero. 0,0
D/FlutterJNI(19966): Sending viewport metrics to the engine.
D/FlutterJNI(19966): Sending viewport metrics to the engine.
E/FlutterSecureStorage(19966): EncryptedSharedPreferences initialization failed. Falling back to custom ciphers.
E/FlutterSecureStorage(19966): java.lang.SecurityException: Could not decrypt key. decryption failed
E/FlutterSecureStorage(19966): 	at com.it_nomads.fluttersecurestorage.crypto.EncryptedSharedPreferences.decryptKey(EncryptedSharedPreferences.java:561)
E/FlutterSecureStorage(19966): 	at com.it_nomads.fluttersecurestorage.crypto.EncryptedSharedPreferences.getAll(EncryptedSharedPreferences.java:378)
E/FlutterSecureStorage(19966): 	at com.it_nomads.fluttersecurestorage.FlutterSecureStorage.hasDataInEncryptedSharedPreferences(FlutterSecureStorage.java:1380)
E/FlutterSecureStorage(19966): 	at com.it_nomads.fluttersecurestorage.FlutterSecureStorage.continueInitialize(FlutterSecureStorage.java:193)
E/FlutterSecureStorage(19966): 	at com.it_nomads.fluttersecurestorage.FlutterSecureStorage.-$$Nest$mcontinueInitialize(Unknown Source:0)
E/FlutterSecureStorage(19966): 	at com.it_nomads.fluttersecurestorage.FlutterSecureStorage$1.onSuccess(FlutterSecureStorage.java:161)
E/FlutterSecureStorage(19966): 	at com.it_nomads.fluttersecurestorage.FlutterSecureStorage$1.onSuccess(FlutterSecureStorage.java:158)
E/FlutterSecureStorage(19966): 	at com.it_nomads.fluttersecurestorage.FlutterSecureStorage.recoverBiometricNamespaceKeyIfNeeded(FlutterSecureStorage.java:303)
E/FlutterSecureStorage(19966): 	at com.it_nomads.fluttersecurestorage.FlutterSecureStorage.initialize(FlutterSecureStorage.java:158)
E/FlutterSecureStorage(19966): 	at com.it_nomads.fluttersecurestorage.FlutterSecureStoragePlugin$MethodRunner.run(FlutterSecureStoragePlugin.java:173)
E/FlutterSecureStorage(19966): 	at android.os.Handler.handleCallback(Handler.java:1029)
E/FlutterSecureStorage(19966): 	at android.os.Handler.dispatchMessage(Handler.java:107)
E/FlutterSecureStorage(19966): 	at android.os.Looper.loopOnce(Looper.java:274)
E/FlutterSecureStorage(19966): 	at android.os.Looper.loop(Looper.java:369)
E/FlutterSecureStorage(19966): 	at android.os.HandlerThread.run(HandlerThread.java:85)
E/FlutterSecureStorage(19966): Caused by: java.security.GeneralSecurityException: decryption failed
E/FlutterSecureStorage(19966): 	at com.google.crypto.tink.daead.internal.WrappedDeterministicAead$WrappedDeterministicAeadImpl.decryptDeterministically(WrappedDeterministicAead.java:104)
E/FlutterSecureStorage(19966): 	at com.it_nomads.fluttersecurestorage.crypto.EncryptedSharedPreferences.decryptKey(EncryptedSharedPreferences.java:552)
E/FlutterSecureStorage(19966): 	... 14 more
D/FlutterJNI(19966): Sending viewport metrics to the engine.
I/flutter (19966): KODO_DELETE_RECOVERED
I/flutter (19966): 00:02 +1: (tearDownAll)
I/flutter (19966): 00:02 +2: All tests passed!
PASS Android same-install restart: [{"same_apk_force_stop_relaunch": true, "host_launch_to_verified_ui_ms": 2875.51, "am_start": "Starting: Intent { cmp=dev.example.kodo_app.qa/dev.example.kodo_app.MainActivity }\nStatus: ok\nLaunchState: COLD\nActivity: dev.example.kodo_app.qa/dev.example.kodo_app.MainActivity\nTotalTime: 2343\nWaitTime: 2349\nComplete"}]
