00:00 +0: loading /Users/ray/developer/github/kodo/apps/mobile/test/widget_test.dart
00:00 +0: (setUpAll)
00:00 +0: selected statistics survives delete-all and returns to global events
══╡ EXCEPTION CAUGHT BY FLUTTER TEST FRAMEWORK ╞════════════════════════════════════════════════════
The following TestFailure was thrown running a test:
Expected: exactly one matching candidate
  Actual: _TextWidgetFinder:<Found 2 widgets with text "10 页": [
            Text("10 页", inherit: true, size: 32.0, weight: 700, dependencies:
[DefaultSelectionStyle, DefaultTextStyle, MediaQuery]),
            Text("10 页", dependencies: [DefaultSelectionStyle, DefaultTextStyle, MediaQuery]),
          ]>
   Which: is too many

When the exception was thrown, this was the stack:
#4      main.<anonymous closure> (file:///Users/ray/developer/github/kodo/apps/mobile/test/widget_test.dart:285:5)
<asynchronous suspension>
#5      testWidgets.<anonymous closure>.<anonymous closure> (package:flutter_test/src/widget_tester.dart:192:15)
<asynchronous suspension>
#6      TestWidgetsFlutterBinding._runTestBody (package:flutter_test/src/binding.dart:1682:5)
<asynchronous suspension>
<asynchronous suspension>
(elided one frame from package:stack_trace)

This was caught by the test expectation on the following line:
  file:///Users/ray/developer/github/kodo/apps/mobile/test/widget_test.dart line 285
The test description was:
  selected statistics survives delete-all and returns to global events
════════════════════════════════════════════════════════════════════════════════════════════════════
00:00 +0 -1: selected statistics survives delete-all and returns to global events [E]
  Test failed. See exception logs above.
  The test description was: selected statistics survives delete-all and returns to global events
  
00:00 +0 -1: (tearDownAll)
00:00 +0 -1: Some tests failed.
