Resolving dependencies...
Downloading packages...
+ _fe_analyzer_shared 93.0.0 (108.0.0 available)
+ analyzer 10.0.1 (14.4.0 available)
+ args 2.7.0
+ build 4.0.7 (4.0.11 available)
+ build_config 1.3.3
+ build_daemon 4.1.6
+ build_runner 2.15.1 (2.16.1 available)
+ built_collection 5.1.1
+ built_value 8.13.0
+ charcode 1.4.0
+ checked_yaml 2.0.4
+ cli_config 0.2.0
+ cli_util 0.4.2 (0.6.0 available)
  clock 1.1.2 (1.1.3 available)
+ code_assets 1.2.1 (2.1.0 available)
+ convert 3.1.2
+ coverage 1.15.1
+ cross_file 0.3.5+5
+ crypto 3.0.7
+ dart_style 3.1.7 (3.1.13 available)
+ dio 5.11.1
+ dio_web_adapter 2.2.2
+ drift 2.34.4 (2.35.0 available)
+ drift_dev 2.34.0 (2.35.0 available)
+ ffi 2.2.0
+ file 7.0.1
+ fixnum 1.1.1
+ flutter_driver 0.0.0 from sdk flutter
+ flutter_localizations 0.0.0 from sdk flutter
+ flutter_riverpod 3.3.2 (3.4.3 available)
+ flutter_secure_storage 10.3.4 (11.2.0 available)
+ flutter_secure_storage_darwin 0.3.2 (0.4.3 available)
+ flutter_secure_storage_linux 3.0.3
+ flutter_secure_storage_platform_interface 2.1.1
+ flutter_secure_storage_web 2.1.1
+ flutter_secure_storage_windows 4.1.0 (4.2.2 available)
+ flutter_svg 2.3.0
+ flutter_web_plugins 0.0.0 from sdk flutter
+ frontend_server_client 4.0.0
+ fuchsia_remote_debug_protocol 0.0.0 from sdk flutter
+ glob 2.2.0
+ graphs 2.3.2
+ hooks 2.0.2 (2.2.0 available)
+ http 1.6.0
+ http_multi_server 3.2.2
+ http_parser 4.1.2
+ integration_test 0.0.0 from sdk flutter
+ intl 0.20.2 (0.20.3 available)
+ io 1.1.0
+ jni 1.0.3
+ jni_flutter 1.0.3
+ jni_util 1.0.0
+ json_annotation 4.12.0
+ logging 1.3.0
  matcher 0.12.19 (0.12.20 available)
  material_color_utilities 0.13.0 (0.13.1 available)
  meta 1.17.0 (1.19.0 available)
+ mime 2.1.0
+ native_toolchain_c 0.19.2 (0.19.5 available)
+ node_preamble 2.0.2
+ objective_c 9.5.0 (9.6.0 available)
+ package_config 2.2.0 (3.0.0 available)
  path 1.9.1 (from transitive dependency to direct dependency)
+ path_parsing 1.1.0
+ path_provider 2.1.6
+ path_provider_android 2.3.1
+ path_provider_foundation 2.6.0
+ path_provider_linux 2.2.2
+ path_provider_platform_interface 2.1.3
+ path_provider_windows 2.3.0
+ petitparser 7.0.2
+ platform 3.1.6 (3.2.0 available)
+ plugin_platform_interface 2.1.8
+ pool 1.5.3
+ process 5.0.6
+ pub_semver 2.2.1
+ pubspec_parse 1.6.0
+ recase 4.1.0
+ record_use 0.6.0 (1.1.1 available)
+ riverpod 3.3.2 (3.4.3 available)
+ share_plus 12.0.2 (13.3.0 available)
+ share_plus_platform_interface 6.1.0 (7.2.0 available)
+ shelf 1.4.2
+ shelf_packages_handler 3.0.2
+ shelf_static 1.1.3
+ shelf_web_socket 3.0.0
+ source_gen 4.2.4 (4.3.0 available)
+ source_map_stack_trace 2.1.2
+ source_maps 0.10.14
+ sqlite3 3.5.2 (3.6.0 available)
+ sqlparser 0.44.5 (0.45.0 available)
  stack_trace 1.12.1 (1.12.2 available)
+ state_notifier 1.0.0
+ stream_transform 2.1.2
+ sync_http 0.3.1
+ test 1.30.0 (1.32.0 available)
  test_api 0.7.10 (0.7.14 available)
+ test_core 0.6.16 (0.6.20 available)
+ typed_data 1.4.0
+ url_launcher_linux 3.2.3
+ url_launcher_platform_interface 2.3.2
+ url_launcher_web 2.4.3
+ url_launcher_windows 3.1.6
+ uuid 4.6.0
+ vector_graphics 1.2.3
+ vector_graphics_codec 1.1.13
+ vector_graphics_compiler 1.3.0
  vector_math 2.2.0 (2.4.2 available)
+ watcher 1.2.1
+ web 1.1.1
+ web_socket 1.0.1
+ web_socket_channel 3.0.3
+ webdriver 3.2.0
+ webkit_inspection_protocol 1.2.1
+ win32 5.15.0 (6.4.0 available)
+ xdg_directories 1.1.0
+ xml 7.0.1
+ yaml 3.1.4
These packages are no longer being depended on:
- cupertino_icons 1.0.9
Changed 112 dependencies!
36 packages have newer versions incompatible with dependency constraints.
Try `flutter pub outdated` for more information.
