   Compiling cfg-if v1.0.5
   Compiling stable_deref_trait v1.2.1
   Compiling pin-project-lite v0.2.17
   Compiling futures-core v0.3.34
   Compiling scopeguard v1.2.0
   Compiling bytes v1.12.1
   Compiling libc v0.2.189
   Compiling writeable v0.6.4
   Compiling litemap v0.8.3
   Compiling zerofrom v0.1.8
   Compiling smallvec v1.16.1
   Compiling itoa v1.0.18
   Compiling yoke v0.8.3
   Compiling lock_api v0.4.14
   Compiling utf8_iter v1.0.4
   Compiling once_cell v1.21.4
   Compiling futures-sink v0.3.34
   Compiling icu_normalizer_data v2.3.0
   Compiling icu_properties_data v2.3.0
   Compiling percent-encoding v2.3.2
   Compiling memchr v2.8.3
   Compiling typenum v1.20.1
   Compiling serde_core v1.0.229
   Compiling zerovec v0.11.8
   Compiling zerotrie v0.2.5
   Compiling form_urlencoded v1.2.2
   Compiling futures-io v0.3.34
   Compiling futures-task v0.3.34
   Compiling socket2 v0.6.5
   Compiling mio v1.2.3
   Compiling parking_lot_core v0.9.12
   Compiling slab v0.4.12
   Compiling errno v0.3.14
   Compiling equivalent v1.0.2
   Compiling parking_lot v0.12.5
   Compiling futures-util v0.3.34
   Compiling signal-hook-registry v1.4.8
   Compiling tracing-core v0.1.36
   Compiling log v0.4.34
   Compiling tinystr v0.8.4
   Compiling potential_utf v0.1.6
   Compiling generic-array v0.14.7
   Compiling foldhash v0.1.5
   Compiling icu_collections v2.3.0
   Compiling allocator-api2 v0.2.21
   Compiling icu_locale_core v2.3.0
   Compiling tokio v1.53.1
   Compiling crossbeam-utils v0.8.23
   Compiling cpufeatures v0.2.17
   Compiling ryu v1.0.23
   Compiling hashbrown v0.15.5
   Compiling parking v2.2.1
   Compiling hashbrown v0.17.1
   Compiling crc-catalog v2.5.0
   Compiling crc v3.4.0
   Compiling crossbeam-queue v0.3.14
   Compiling event-listener v5.4.2
   Compiling thiserror v2.0.20
   Compiling num-traits v0.2.19
   Compiling tracing v0.1.44
   Compiling block-buffer v0.10.4
   Compiling crypto-common v0.1.7
   Compiling digest v0.10.7
   Compiling serde v1.0.229
   Compiling hashlink v0.10.0
   Compiling sha2 v0.10.9
   Compiling indexmap v2.14.2
   Compiling zmij v1.0.23
   Compiling icu_provider v2.3.1
   Compiling http v1.5.0
   Compiling spin v0.9.9
   Compiling icu_properties v2.3.0
   Compiling icu_normalizer v2.3.0
   Compiling flume v0.11.1
   Compiling either v1.18.0
   Compiling http-body v1.1.0
   Compiling atoi v2.0.0
   Compiling futures-intrusive v0.5.0
   Compiling libsqlite3-sys v0.30.1
   Compiling futures-channel v0.3.34
   Compiling serde_urlencoded v0.7.1
   Compiling tower-service v0.3.3
   Compiling serde_json v1.0.151
   Compiling httparse v1.10.1
   Compiling idna_adapter v1.2.2
   Compiling atomic-waker v1.1.2
   Compiling idna v1.1.0
   Compiling regex-syntax v0.8.11
   Compiling tower-layer v0.3.3
   Compiling httpdate v1.0.3
   Compiling sync_wrapper v1.0.2
   Compiling base64 v0.22.1
   Compiling url v2.5.8
   Compiling futures-executor v0.3.34
   Compiling http-body-util v0.1.5
   Compiling lazy_static v1.5.0
   Compiling mime v0.3.17
   Compiling core-foundation-sys v0.8.7
   Compiling sharded-slab v0.1.7
   Compiling axum-core v0.5.6
   Compiling getrandom v0.4.3
   Compiling iana-time-zone v0.1.65
   Compiling serde_path_to_error v0.1.20
   Compiling tracing-log v0.2.0
   Compiling thread_local v1.1.10
   Compiling matchit v0.8.4
   Compiling regex-automata v0.4.18
   Compiling nu-ansi-term v0.50.3
   Compiling chrono v0.4.45
   Compiling uuid v1.26.1
   Compiling subtle v2.6.1
   Compiling tokio-stream v0.1.19
   Compiling hyper v1.11.1
   Compiling tower v0.5.3
   Compiling matchers v0.2.0
   Compiling tracing-subscriber v0.3.23
   Compiling sqlx-core v0.8.6
   Compiling hyper-util v0.1.20
   Compiling axum v0.8.9
   Compiling sqlx-sqlite v0.8.6
   Compiling sqlx-macros-core v0.8.6
   Compiling sqlx-macros v0.8.6
   Compiling sqlx v0.8.6
   Compiling kodo-api v0.1.0 (/Users/ray/developer/github/kodo/services/api)
    Finished `dev` profile [unoptimized + debuginfo] target(s) in 10.50s
     Running `services/api/target/debug/kodo-api`
