00:00 +0: loading /Users/ray/developer/github/kodo/apps/mobile/test/widget_test.dart
00:00 +0: native layouts 360.0x800.0 at 200.0% text
══╡ EXCEPTION CAUGHT BY RENDERING LIBRARY ╞══════════════════════
The following assertion was thrown during layout:
A RenderFlex overflowed by 2.5 pixels on the right.

The relevant error-causing widget was:
  Row
  Row:file:///Users/ray/developer/github/kodo/apps/mobile/lib/features/projects/screens.dart:905:17

The overflowing RenderFlex has an orientation of Axis.horizontal.
The edge of the RenderFlex that is overflowing has been marked in
the rendering with a yellow and black striped pattern. This is
usually caused by the contents being too big for the RenderFlex.
Consider applying a flex factor (e.g. using an Expanded widget)
to force the children of the RenderFlex to fit within the
available space instead of being sized to their natural size.
This is considered an error condition because it indicates that
there is content that cannot be seen. If the content is
legitimately bigger than the available space, consider clipping
it with a ClipRect widget before putting it in the flex, or using
a scrollable container rather than a Flex, like a ListView.
The specific RenderFlex in question is: RenderFlex#84464 relayoutBoundary=up6 OVERFLOWING:
  parentData: offset=Offset(0.0, 598.0); flex=null; fit=null (can
    use size)
  constraints: BoxConstraints(0.0<=w<=320.0, 0.0<=h<=Infinity)
  size: Size(320.0, 48.0)
  direction: horizontal
  mainAxisAlignment: spaceBetween
  mainAxisSize: max
  crossAxisAlignment: center
  textDirection: ltr
  verticalDirection: down
  spacing: 0.0
◢◤◢◤◢◤◢◤◢◤◢◤◢◤◢◤◢◤◢◤◢◤◢◤◢◤◢◤◢◤◢◤◢◤◢◤◢◤◢◤◢◤◢◤◢◤◢◤◢◤◢◤◢◤◢◤◢◤◢◤◢◤◢◤◢◤◢◤◢◤◢◤◢◤◢◤◢◤◢◤◢◤◢◤◢◤◢◤◢◤◢◤◢◤◢◤◢◤◢◤
═════════════════════════════════════════════════════════════════

══╡ EXCEPTION CAUGHT BY FLUTTER TEST FRAMEWORK ╞═════════════════
The following TestFailure was thrown running a test:
Expected: null
  Actual: FlutterError:<A RenderFlex overflowed by 2.5 pixels on
the right.>

When the exception was thrown, this was the stack:
#4      main.<anonymous closure> (file:///Users/ray/developer/github/kodo/apps/mobile/test/widget_test.dart:89:11)
<asynchronous suspension>
#5      testWidgets.<anonymous closure>.<anonymous closure> (package:flutter_test/src/widget_tester.dart:192:15)
<asynchronous suspension>
#6      TestWidgetsFlutterBinding._runTestBody (package:flutter_test/src/binding.dart:1682:5)
<asynchronous suspension>
<asynchronous suspension>
(elided one frame from package:stack_trace)

This was caught by the test expectation on the following line:
  file:///Users/ray/developer/github/kodo/apps/mobile/test/widget_test.dart line 89
The test description was:
  native layouts 360.0x800.0 at 200.0% text
═════════════════════════════════════════════════════════════════

══╡ EXCEPTION CAUGHT BY FLUTTER TEST FRAMEWORK ╞════════════════════════════════════════════════════
The following TestFailure was thrown running a test:
Expected: null
  Actual: FlutterError:<A RenderFlex overflowed by 2.5 pixels on the right.>

When the exception was thrown, this was the stack:
#4      main.<anonymous closure> (file:///Users/ray/developer/github/kodo/apps/mobile/test/widget_test.dart:89:11)
<asynchronous suspension>
#5      testWidgets.<anonymous closure>.<anonymous closure> (package:flutter_test/src/widget_tester.dart:192:15)
<asynchronous suspension>
#6      TestWidgetsFlutterBinding._runTestBody (package:flutter_test/src/binding.dart:1682:5)
<asynchronous suspension>
<asynchronous suspension>
(elided one frame from package:stack_trace)

This was caught by the test expectation on the following line:
  file:///Users/ray/developer/github/kodo/apps/mobile/test/widget_test.dart line 89
The test description was:
  native layouts 360.0x800.0 at 200.0% text
════════════════════════════════════════════════════════════════════════════════════════════════════
00:01 +0 -1: native layouts 360.0x800.0 at 200.0% text [E]
  Test failed. See exception logs above.
  The test description was: native layouts 360.0x800.0 at 200.0% text
  
00:01 +0 -1: Some tests failed.
