ffmpeg version 6.0 Copyright (c) 2000-2023 the FFmpeg developers
  built with Apple clang version 15.0.0 (clang-1500.0.40.1)
  configuration: --prefix=/usr/local/Cellar/ffmpeg/6.0_2 --enable-shared --enable-pthreads --enable-version3 --cc=clang --host-cflags= --host-ldflags='-Wl,-ld_classic' --enable-ffplay --enable-gnutls --enable-gpl --enable-libaom --enable-libaribb24 --enable-libbluray --enable-libdav1d --enable-libjxl --enable-libmp3lame --enable-libopus --enable-librav1e --enable-librist --enable-librubberband --enable-libsnappy --enable-libsrt --enable-libsvtav1 --enable-libtesseract --enable-libtheora --enable-libvidstab --enable-libvmaf --enable-libvorbis --enable-libvpx --enable-libwebp --enable-libx264 --enable-libx265 --enable-libxml2 --enable-libxvid --enable-lzma --enable-libfontconfig --enable-libfreetype --enable-frei0r --enable-libass --enable-libopencore-amrnb --enable-libopencore-amrwb --enable-libopenjpeg --enable-libspeex --enable-libsoxr --enable-libzmq --enable-libzimg --disable-libjack --disable-indev=jack --enable-videotoolbox --enable-audiotoolbox
  libavutil      58.  2.100 / 58.  2.100
  libavcodec     60.  3.100 / 60.  3.100
  libavformat    60.  3.100 / 60.  3.100
  libavdevice    60.  1.100 / 60.  1.100
  libavfilter     9.  3.100 /  9.  3.100
  libswscale      7.  1.100 /  7.  1.100
  libswresample   4. 10.100 /  4. 10.100
  libpostproc    57.  1.100 / 57.  1.100
Input #0, mov,mp4,m4a,3gp,3g2,mj2, from 'qa/evidence/m5-ios-flow.mp4':
  Metadata:
    major_brand     : qt  
    minor_version   : 0
    compatible_brands: qt  
    creation_time   : 2026-09-18T10:56:26.000000Z
  Duration: 00:00:57.67, start: 0.000000, bitrate: 1745 kb/s
  Stream #0:0[0x1](und): Video: h264 (High) (avc1 / 0x31637661), yuv420p(tv, bt709/bt709/iec61966-2-1, progressive), 1206x2622, 1744 kb/s, 9.16 fps, 300 tbr, 600 tbn (default)
    Metadata:
      creation_time   : 2026-09-18T10:56:26.000000Z
      handler_name    : Core Media Video
      vendor_id       : [0][0][0][0]
      encoder         : H.264
Stream mapping:
  Stream #0:0 -> #0:0 (h264 (native) -> h264 (libx264))
Press [q] to stop, [?] for help
[libx264 @ 0x7fdaa7b05740] using cpu capabilities: MMX2 SSE2Fast SSSE3 SSE4.2
[libx264 @ 0x7fdaa7b05740] profile High, level 2.2, 4:2:0, 8-bit
[libx264 @ 0x7fdaa7b05740] 264 - core 164 r3108 31e19f9 - H.264/MPEG-4 AVC codec - Copyleft 2003-2023 - http://www.videolan.org/x264.html - options: cabac=1 ref=3 deblock=1:0:0 analyse=0x3:0x113 me=hex subme=7 psy=1 psy_rd=1.00:0.00 mixed_ref=1 me_range=16 chroma_me=1 trellis=1 8x8dct=1 cqm=0 deadzone=21,11 fast_pskip=1 chroma_qp_offset=-2 threads=15 lookahead_threads=2 sliced_threads=0 nr=0 decimate=1 interlaced=0 bluray_compat=0 constrained_intra=0 bframes=3 b_pyramid=2 b_adapt=1 b_bias=0 direct=1 weightb=1 open_gop=0 weightp=2 keyint=250 keyint_min=9 scenecut=40 intra_refresh=0 rc_lookahead=40 rc=crf mbtree=1 crf=24.0 qcomp=0.60 qpmin=0 qpmax=69 qpstep=4 ip_ratio=1.40 aq=1:1.00
Output #0, mp4, to 'qa/evidence/m5-ios-flow-short.mp4':
  Metadata:
    major_brand     : qt  
    minor_version   : 0
    compatible_brands: qt  
    encoder         : Lavf60.3.100
  Stream #0:0(und): Video: h264 (avc1 / 0x31637661), yuv420p(tv, bt709/bt709/iec61966-2-1, progressive), 402x874, q=2-31, 9.16 fps, 12672 tbn (default)
    Metadata:
      creation_time   : 2026-09-18T10:56:26.000000Z
      handler_name    : Core Media Video
      vendor_id       : [0][0][0][0]
      encoder         : Lavc60.3.100 libx264
    Side data:
      cpb: bitrate max/min/avg: 0/0/0 buffer size: 0 vbv_delay: N/A
frame=    0 fps=0.0 q=0.0 size=       0kB time=-577014:32:22.77 bitrate=  -0.0kbits/s speed=N/A    frame=   56 fps=0.0 q=26.0 size=       0kB time=00:00:15.83 bitrate=   0.0kbits/s dup=4 drop=209 speed=29.5x    frame=  228 fps=209 q=-1.0 Lsize=     514kB time=00:00:34.51 bitrate= 122.0kbits/s dup=10 drop=309 speed=31.6x    
video:511kB audio:0kB subtitle:0kB other streams:0kB global headers:0kB muxing overhead: 0.644886%
[libx264 @ 0x7fdaa7b05740] frame I:4     Avg QP:17.75  size: 18580
[libx264 @ 0x7fdaa7b05740] frame P:104   Avg QP:19.41  size:  3493
[libx264 @ 0x7fdaa7b05740] frame B:120   Avg QP:17.00  size:   706
[libx264 @ 0x7fdaa7b05740] consecutive B-frames: 21.1% 21.9% 13.2% 43.9%
[libx264 @ 0x7fdaa7b05740] mb I  I16..4: 18.8% 58.8% 22.4%
[libx264 @ 0x7fdaa7b05740] mb P  I16..4:  9.3% 17.0%  4.2%  P16..4:  6.2%  1.2%  0.7%  0.0%  0.0%    skip:61.5%
[libx264 @ 0x7fdaa7b05740] mb B  I16..4:  1.1%  0.7%  0.6%  B16..8:  7.5%  0.7%  0.1%  direct: 0.3%  skip:89.2%  L0:48.5% L1:49.7% BI: 1.8%
[libx264 @ 0x7fdaa7b05740] 8x8 transform intra:54.3% inter:52.2%
[libx264 @ 0x7fdaa7b05740] coded y,uvDC,uvAC intra: 13.1% 12.4% 6.4% inter: 2.3% 0.8% 0.1%
[libx264 @ 0x7fdaa7b05740] i16 v,h,dc,p: 45% 49%  3%  3%
[libx264 @ 0x7fdaa7b05740] i8 v,h,dc,ddl,ddr,vr,hd,vl,hu: 46% 16% 34%  1%  1%  1%  1%  0%  1%
[libx264 @ 0x7fdaa7b05740] i4 v,h,dc,ddl,ddr,vr,hd,vl,hu: 33% 28% 19%  3%  4%  3%  3%  3%  3%
[libx264 @ 0x7fdaa7b05740] i8c dc,h,v,p: 78% 15%  6%  1%
[libx264 @ 0x7fdaa7b05740] Weighted P-Frames: Y:22.1% UV:15.4%
[libx264 @ 0x7fdaa7b05740] ref P L0: 61.0% 14.5% 13.3%  6.0%  5.2%
[libx264 @ 0x7fdaa7b05740] ref B L0: 84.0% 14.2%  1.8%
[libx264 @ 0x7fdaa7b05740] ref B L1: 98.9%  1.1%
[libx264 @ 0x7fdaa7b05740] kb/s:167.81
