Resolving dependencies...
Downloading packages...
  _fe_analyzer_shared 93.0.0 (108.0.0 available)
  analyzer 10.0.1 (14.4.0 available)
  build 4.0.7 (4.0.11 available)
  build_runner 2.15.1 (2.16.1 available)
  cli_util 0.4.2 (0.6.0 available)
  clock 1.1.2 (1.1.3 available)
  code_assets 1.2.1 (2.1.0 available)
  dart_style 3.1.7 (3.1.13 available)
  drift 2.34.0 (2.35.0 available)
  drift_dev 2.34.0 (2.35.0 available)
  flutter_riverpod 3.3.2 (3.4.3 available)
  flutter_secure_storage 10.3.4 (11.2.0 available)
  flutter_secure_storage_darwin 0.3.2 (0.4.3 available)
  flutter_secure_storage_windows 4.1.0 (4.2.2 available)
  hooks 2.0.2 (2.2.0 available)
  intl 0.20.2 (0.20.3 available)
  matcher 0.12.19 (0.12.20 available)
  material_color_utilities 0.13.0 (0.13.1 available)
  meta 1.17.0 (1.19.0 available)
  native_toolchain_c 0.19.2 (0.19.5 available)
  objective_c 9.5.0 (9.6.0 available)
  package_config 2.2.0 (3.0.0 available)
  platform 3.1.6 (3.2.0 available)
  record_use 0.6.0 (1.1.1 available)
  riverpod 3.3.2 (3.4.3 available)
  share_plus 12.0.2 (13.3.0 available)
  share_plus_platform_interface 6.1.0 (7.2.0 available)
  source_gen 4.2.4 (4.3.0 available)
  sqlite3 3.5.2 (3.6.0 available)
  sqlparser 0.44.5 (0.45.0 available)
  stack_trace 1.12.1 (1.12.2 available)
  test 1.30.0 (1.32.0 available)
  test_api 0.7.10 (0.7.14 available)
  test_core 0.6.16 (0.6.20 available)
  vector_math 2.2.0 (2.4.2 available)
  win32 5.15.0 (6.4.0 available)
Got dependencies!
36 packages have newer versions incompatible with dependency constraints.
Try `flutter pub outdated` for more information.
Installing build/app/outputs/flutter-apk/app-profile.apk...         3.8s
I/ple.kodo_app.qa(19100): Compiler allocated 6765KB to compile void android.view.ViewRootImpl.performTraversals()
VMServiceFlutterDriver: Connecting to Flutter application at http://127.0.0.1:55439/IMNKX0qy174=/
VMServiceFlutterDriver: Isolate found with number: 2681777512312519
VMServiceFlutterDriver: Isolate 2681777512312519 is runnable.
VMServiceFlutterDriver: Isolate is paused at start.
VMServiceFlutterDriver: Attempting to resume isolate
I/flutter (19100): 00:00 +0: Physical profile: 100 taps, 100 projects/10k entries, scrolling
VMServiceFlutterDriver: Connected to Flutter application.
D/VRI[MainActivity](19100): vri.Setup new sync=wmsSync-VRI[MainActivity]#1
D/VRI[MainActivity](19100): vri.reportDrawFinished 0 0 Rect(0, 0 - 1200, 2670)
I/NativeTurboSchedManager(19100): Load libmiui_runtime
I/HandWritingStubImpl(19100): refreshLastKeyboardType: 1
I/HandWritingStubImpl(19100): getCurrentKeyboardType: 1
D/InsetsController(19100): hide(ime(), fromIme=false)
I/ImeTracker(19100): dev.example.kodo_app.qa:9909ac4f: onCancelled at PHASE_CLIENT_ALREADY_HIDDEN
I/HandWritingStubImpl(19100): getCurrentKeyboardType: 1
W/InsetsSource(19100): Has no intersection or mTmpFrame.height(), return Insets.NONE mTmpFrame.height() =0 hasIntersection =false
W/InsetsSource(19100): Has no intersection or mTmpFrame.height(), return Insets.NONE mTmpFrame.height() =0 hasIntersection =false
W/InsetsSource(19100): Has no intersection or mTmpFrame.height(), return Insets.NONE mTmpFrame.height() =0 hasIntersection =false
W/InsetsSource(19100): Has no intersection or mTmpFrame.height(), return Insets.NONE mTmpFrame.height() =0 hasIntersection =false
D/FlutterSecureStorage(19100): No data found in EncryptedSharedPreferences.
I/ple.kodo_app.qa(19100): AssetManager2(0xb4000070d2cffe58) locale list changing from [] to [en]
W/BpBinder(19100): PerfMonitor binderTransact: time=678ms interface=android.system.keystore2.IKeystoreSecurityLevel code=2
I/ple.kodo_app.qa(19100): AssetManager2(0xb4000070d2d00498) locale list changing from [] to [en-US]
D/VRI[MainActivity](19100): getMiuiFreeformStackInfo mTmpFrames.miuiFreeFormStackInfo: null
W/InsetsSource(19100): Has no intersection or mTmpFrame.height(), return Insets.NONE mTmpFrame.height() =0 hasIntersection =false
W/InsetsSource(19100): Has no intersection or mTmpFrame.height(), return Insets.NONE mTmpFrame.height() =0 hasIntersection =false
W/InsetsSource(19100): Has no intersection or mTmpFrame.height(), return Insets.NONE mTmpFrame.height() =0 hasIntersection =false
W/InsetsSource(19100): Has no intersection or mTmpFrame.height(), return Insets.NONE mTmpFrame.height() =0 hasIntersection =false
W/InsetsSource(19100): Has no intersection or mTmpFrame.height(), return Insets.NONE mTmpFrame.height() =0 hasIntersection =false
W/InsetsSource(19100): Has no intersection or mTmpFrame.height(), return Insets.NONE mTmpFrame.height() =0 hasIntersection =false
I/VibrateUtils(19100): 5,2,true
I/VibrateUtils(19100): 5,2,true
I/VibrateUtils(19100): 5,2,true
I/VibrateUtils(19100): 5,2,true
I/VibrateUtils(19100): 5,2,true
I/VibrateUtils(19100): 5,2,true
I/VibrateUtils(19100): 5,2,true
I/VibrateUtils(19100): 5,2,true
I/VibrateUtils(19100): 5,2,true
I/VibrateUtils(19100): 5,2,true
I/VibrateUtils(19100): 5,2,true
I/VibrateUtils(19100): 5,2,true
I/VibrateUtils(19100): 5,2,true
I/VibrateUtils(19100): 5,2,true
I/VibrateUtils(19100): 5,2,true
I/VibrateUtils(19100): 5,2,true
I/VibrateUtils(19100): 5,2,true
I/VibrateUtils(19100): 5,2,true
I/VibrateUtils(19100): 5,2,true
I/VibrateUtils(19100): 5,2,true
I/VibrateUtils(19100): 5,2,true
I/VibrateUtils(19100): 5,2,true
I/VibrateUtils(19100): 5,2,true
I/VibrateUtils(19100): 5,2,true
I/VibrateUtils(19100): 5,2,true
I/VibrateUtils(19100): 5,2,true
I/VibrateUtils(19100): 5,2,true
I/VibrateUtils(19100): 5,2,true
I/VibrateUtils(19100): 5,2,true
I/VibrateUtils(19100): 5,2,true
I/VibrateUtils(19100): 5,2,true
I/VibrateUtils(19100): 5,2,true
I/VibrateUtils(19100): 5,2,true
I/VibrateUtils(19100): 5,2,true
I/VibrateUtils(19100): 5,2,true
I/VibrateUtils(19100): 5,2,true
I/VibrateUtils(19100): 5,2,true
I/VibrateUtils(19100): 5,2,true
I/VibrateUtils(19100): 5,2,true
I/VibrateUtils(19100): 5,2,true
I/VibrateUtils(19100): 5,2,true
I/VibrateUtils(19100): 5,2,true
I/VibrateUtils(19100): 5,2,true
I/VibrateUtils(19100): 5,2,true
I/VibrateUtils(19100): 5,2,true
I/ple.kodo_app.qa(19100): DynamicFPS DF top: dev.example.kodo_app.qa : 0.000000
I/ple.kodo_app.qa(19100): DF dev.example.kodo_app.qa Support DynamicFPS.
I/VibrateUtils(19100): 5,2,true
I/VibrateUtils(19100): 5,2,true
I/VibrateUtils(19100): 5,2,true
I/VibrateUtils(19100): 5,2,true
I/VibrateUtils(19100): 5,2,true
I/VibrateUtils(19100): 5,2,true
I/VibrateUtils(19100): 5,2,true
I/VibrateUtils(19100): 5,2,true
I/VibrateUtils(19100): 5,2,true
I/VibrateUtils(19100): 5,2,true
I/VibrateUtils(19100): 5,2,true
I/VibrateUtils(19100): 5,2,true
I/VibrateUtils(19100): 5,2,true
I/VibrateUtils(19100): 5,2,true
I/VibrateUtils(19100): 5,2,true
I/VibrateUtils(19100): 5,2,true
I/VibrateUtils(19100): 5,2,true
W/1.raster(19100): type=1400 audit(0.0:45494): avc:  denied  { getattr } for  path="/sys/module/metis/parameters/minor_window_app" dev="sysfs" ino=74850 scontext=u:r:untrusted_app:s0:c101,c257,c512,c768 tcontext=u:object_r:sysfs_migt:s0 tclass=file permissive=0 app=dev.example.kodo_app.qa
D/LB      (19100): CustomizeAffinityThread startThread
I/VibrateUtils(19100): 5,2,true
I/VibrateUtils(19100): 5,2,true
I/VibrateUtils(19100): 5,2,true
I/VibrateUtils(19100): 5,2,true
I/VibrateUtils(19100): 5,2,true
I/VibrateUtils(19100): 5,2,true
I/VibrateUtils(19100): 5,2,true
I/VibrateUtils(19100): 5,2,true
I/VibrateUtils(19100): 5,2,true
I/VibrateUtils(19100): 5,2,true
I/VibrateUtils(19100): 5,2,true
I/VibrateUtils(19100): 5,2,true
I/VibrateUtils(19100): 5,2,true
I/VibrateUtils(19100): 5,2,true
D/libEGL  (19100): Post task 1
D/libEGL  (19100): Worker thread start 480595354624
D/libEGL  (19100): Run task 1
I/VibrateUtils(19100): 5,2,true
D/ProfileInstaller(19100): Installing profile for dev.example.kodo_app.qa
I/VibrateUtils(19100): 5,2,true
I/VibrateUtils(19100): 5,2,true
I/VibrateUtils(19100): 5,2,true
I/VibrateUtils(19100): 5,2,true
I/VibrateUtils(19100): 5,2,true
I/VibrateUtils(19100): 5,2,true
I/VibrateUtils(19100): 5,2,true
I/VibrateUtils(19100): 5,2,true
I/VibrateUtils(19100): 5,2,true
I/VibrateUtils(19100): 5,2,true
I/VibrateUtils(19100): 5,2,true
I/VibrateUtils(19100): 5,2,true
I/VibrateUtils(19100): 5,2,true
I/VibrateUtils(19100): 5,2,true
I/VibrateUtils(19100): 5,2,true
I/VibrateUtils(19100): 5,2,true
I/VibrateUtils(19100): 5,2,true
I/VibrateUtils(19100): 5,2,true
I/VibrateUtils(19100): 5,2,true
I/VibrateUtils(19100): 5,2,true
I/VibrateUtils(19100): 5,2,true
I/VibrateUtils(19100): 5,2,true
I/VibrateUtils(19100): 5,2,true
VMServiceFlutterDriver: request_data message is taking a long time to complete...
I/ple.kodo_app.qa(19100): This is non sticky GC, maxfree is 33554432 minfree is 8388608
W/FinalizerDaemon(19100): type=1400 audit(0.0:45495): avc:  denied  { getopt } for  path="/dev/socket/usap_pool_primary" scontext=u:r:untrusted_app:s0:c101,c257,c512,c768 tcontext=u:r:zygote:s0 tclass=unix_stream_socket permissive=0 app=dev.example.kodo_app.qa
I/flutter (19100): Bad state: Failed to connect to VM Service at ws://localhost:55439/IMNKX0qy174=/ws.
I/flutter (19100): This may happen if DDS is enabled. If this test was launched via `flutter drive`, try adding `--no-dds`.
I/flutter (19100): The original exception was:
I/flutter (19100): SocketException: Connection refused (OS Error: Connection refused, errno = 111), address = localhost, port = 40164
I/flutter (19100): #0      _NativeSocket.startConnect (dart:io-patch/socket_patch.dart:817)
I/flutter (19100): #1      _RawSocket.startConnect (dart:io-patch/socket_patch.dart:2281)
I/flutter (19100): #2      RawSocket.startConnect (dart:io-patch/socket_patch.dart:41)
I/flutter (19100): #3      Socket._startConnect (dart:io-patch/socket_patch.dart:2542)
I/flutter (19100): #4      Socket.startConnect (dart:io/socket.dart:897)
I/flutter (19100): #5      _ConnectionTarget.connect (dart:_http/http_impl.dart:2699)
I/flutter (19100): #6      _HttpClient._getConnection.connect (dart:_http/http_impl.dart:3193)
I/flutter (19100): #7      _HttpClient._getConnection (dart:_http/http_impl.dart:3198)
I/flutter (19100): #8      _HttpClient._openUrl (dart:_http/http_impl.dart:3021)
I/flutter (19100): #9      _HttpClient.openUrl (dart:_http/http_impl.dart:2863)
I/flutter (19100): #10     _WebSocketImpl.connect (dart:_http/websocket_impl.dart:1093)
I/flutter (19100): #11     WebSocket.connect (dart:_http/websocket.dart:332)
I/flutter (19100): #12     _vmServiceConnectUri (package:integration_test/integration_test.dart:467)
I/flutter (19100): #13     IntegrationTestWidgetsFlutterBinding.enableTimeline (package:integration_test/integration_test.dart:264)
I/flutter (19100): <asynchronous suspension>
I/flutter (19100): #14     IntegrationTestWidgetsFlutterBinding.traceTimeline (package:integration_test/integration_test.dart:296)
I/flutter (19100): <asynchronous suspension>
I/flutter (19100): #15     IntegrationTestWidgetsFlutterBinding._runAndGetGCInfo (package:integration_test/integration_test.dart:371)
I/flutter (19100): <asynchronous suspension>
I/flutter (19100): #16     IntegrationTestWidgetsFlutterBinding.watchPerformance (package:integration_test/integration_test.dart:420)
I/flutter (19100): <asynchronous suspension>
I/flutter (19100): #17     main.<anonymous closure> (file:///Users/ray/developer/github/kodo/apps/mobile/integration_test/performance_test.dart:158)
I/flutter (19100): <asynchronous suspension>
I/flutter (19100): #18     testWidgets.<anonymous closure>.<anonymous closure> (package:flutter_test/src/widget_tester.dart:192)
I/flutter (19100): <asynchronous suspension>
I/flutter (19100): #19     TestWidgetsFlutterBinding._runTestBody (package:flutter_test/src/binding.dart:1682)
I/flutter (19100): <asynchronous suspension>
I/flutter (19100): #20     TestWidgetsFlutterBinding._createTestCompletionHandler.<anonymous closure> (package:flutter_test/src/binding.dart:1437)
I/flutter (19100): <asynchronous suspension>
I/flutter (19100): 
I/flutter (19100): #0      IntegrationTestWidgetsFlutterBinding.enableTimeline (package:integration_test/integration_test.dart:266)
I/flutter (19100): <asynchronous suspension>
I/flutter (19100): #1      IntegrationTestWidgetsFlutterBinding.traceTimeline (package:integration_test/integration_test.dart:296)
I/flutter (19100): <asynchronous suspension>
I/flutter (19100): #2      IntegrationTestWidgetsFlutterBinding._runAndGetGCInfo (package:integration_test/integration_test.dart:371)
I/flutter (19100): <asynchronous suspension>
I/flutter (19100): #3      IntegrationTestWidgetsFlutterBinding.watchPerformance (package:integration_test/integration_test.dart:420)
I/flutter (19100): <asynchronous suspension>
I/flutter (19100): #4      main.<anonymous closure> (file:///Users/ray/developer/github/kodo/apps/mobile/integration_test/performance_test.dart:158)
I/flutter (19100): <asynchronous suspension>
I/flutter (19100): #5      testWidgets.<anonymous closure>.<anonymous closure> (package:flutter_test/src/widget_tester.dart:192)
I/flutter (19100): <asynchronous suspension>
I/flutter (19100): #6      TestWidgetsFlutterBinding._runTestBody (package:flutter_test/src/binding.dart:1682)
I/flutter (19100): <asynchronous suspension>
I/flutter (19100): #7      TestWidgetsFlutterBinding._createTestCompletionHandler.<anonymous closure> (package:flutter_test/src/binding.dart:1437)
I/flutter (19100): <asynchronous suspension>
I/flutter (19100): 00:07 +0: Physical profile: 100 taps, 100 projects/10k entries, scrolling [E]
I/flutter (19100):   Test failed. See exception logs above.
I/flutter (19100):   The test description was: Physical profile: 100 taps, 100 projects/10k entries, scrolling
I/flutter (19100):   
I/flutter (19100): 00:07 +0 -1: (tearDownAll)
I/flutter (19100): 00:07 +1 -1: Some tests failed.
Failure Details:
Failure in method: Physical profile: 100 taps, 100 projects/10k entries, scrolling
Instance of 'FlutterErrorDetails'
end of failure 1



